<html>
<body>
<pre>
<h1>µVision Build Log</h1>
<h2>Tool Versions:</h2>
IDE-Version: µVision V5.14.0.0
Copyright (C) 2015 ARM Ltd and ARM Germany GmbH. All rights reserved.
License Information: Yan beyer, SigCraft, LIC=9WSAR-KWK4Q-7RCX3-AK9B0-VZYPV-JTW1M
 
Tool Versions:
Toolchain:       MDK-ARM Standard  Version: 5.14.0.0
Toolchain Path:  D:\Keil_v5\ARM\ARMCC\Bin
C Compiler:      Armcc.exe V5.05 update 1 (build 106)
Assembler:       Armasm.exe V5.05 update 1 (build 106)
Linker/Locator:  ArmLink.exe V5.05 update 1 (build 106)
Library Manager: ArmAr.exe V5.05 update 1 (build 106)
Hex Converter:   FromElf.exe V5.05 update 1 (build 106)
CPU DLL:         SARMCM3.DLL V5.14.0.0
Dialog DLL:      DCM.DLL V1.13.1.0
Target DLL:      STLink\ST-LINKIII-KEIL_SWO.dll V2.0.14.0_KEIL
Dialog DLL:      TCM.DLL V1.14.4.0
 
<h2>Project:</h2>
E:\zfas_project\material\TTPC_project\bsp\arm\cortex-m4\platforms\stm32f407zgt6\project\RVMDK\TTPC_Project.uvprojx
Project File Date:  12/28/2017

<h2>Output:</h2>
Build target 'STM32F407ZG_TTPC'
compiling ctrl.c...
compiling msg.c...
..\..\..\..\..\..\..\virthw\crc.h(25): warning:  #1215-D: #warning directive: "Incompatible CRC bits with AS6003 "
  #warning "Incompatible CRC bits with AS6003 "
..\..\..\..\..\..\..\mac\msg.c: 1 warning, 0 errors
compiling prp.c...
..\..\..\..\..\..\..\virthw\crc.h(25): warning:  #1215-D: #warning directive: "Incompatible CRC bits with AS6003 "
  #warning "Incompatible CRC bits with AS6003 "
..\..\..\..\..\..\..\mac\prp.c: 1 warning, 0 errors
compiling tp.c...
compiling freeze.c...
compiling init.c...
compiling slot_acquirement.c...
linking...
Program Size: Code=26946 RO-data=18954 RW-data=1504 ZI-data=19692  
FromELF: creating hex file...
".\Objects\TTPC_Project.axf" - 0 Error(s), 2 Warning(s).

<h2>Collection of Component include folders:</h2>
  E:\zfas_project\material\TTPC_project\bsp\arm\cortex-m4\platforms\stm32f407zgt6\project\RVMDK\RTE
  D:\Keil_v5\ARM\PACK\Keil\STM32F4xx_DFP\1.0.8\Device\Include

<h2>Collection of Component Files used:</h2>
</pre>
</body>
</html>
