<html>
<body>
<pre>
<h1>µVision Build Log</h1>
<h2>Tool Versions:</h2>
IDE-Version: µVision V5.14.0.0
Copyright (C) 2015 ARM Ltd and ARM Germany GmbH. All rights reserved.
License Information: Yan beyer, SigCraft, LIC=9WSAR-KWK4Q-7RCX3-AK9B0-VZYPV-JTW1M
 
Tool Versions:
Toolchain:       MDK-ARM Standard  Version: 5.14.0.0
Toolchain Path:  D:\Keil_v5\ARM\ARMCC\Bin
C Compiler:      Armcc.exe V5.05 update 1 (build 106)
Assembler:       Armasm.exe V5.05 update 1 (build 106)
Linker/Locator:  ArmLink.exe V5.05 update 1 (build 106)
Library Manager: ArmAr.exe V5.05 update 1 (build 106)
Hex Converter:   FromElf.exe V5.05 update 1 (build 106)
CPU DLL:         SARMCM3.DLL V5.14.0.0
Dialog DLL:      DCM.DLL V1.13.1.0
Target DLL:      STLink\ST-LINKIII-KEIL_SWO.dll V2.0.14.0_KEIL
Dialog DLL:      TCM.DLL V1.14.4.0
 
<h2>Project:</h2>
E:\zfas_project\material\TTPC_project\bsp\arm\cortex-m4\platforms\stm32f407zgt6\project\RVMDK\TTPC_Project.uvprojx
Project File Date:  12/30/2017

<h2>Output:</h2>
Build target 'STM32F407ZG_TTPC'
compiling psp.c...
..\..\..\..\..\..\..\mac\psp.c(243): warning:  #1215-D: #warning directive: "periodic checking for MEDL has not been implemented"
      #warning "periodic checking for MEDL has not been implemented"
..\..\..\..\..\..\..\mac\psp.c(282): warning:  #1215-D: #warning directive: "just for system testing"
          #warning "just for system testing"
..\..\..\..\..\..\..\mac\psp.c(357): warning:  #1215-D: #warning directive: "just for system testing"
              #warning "just for system testing"
..\..\..\..\..\..\..\mac\psp.c(362): warning:  #1215-D: #warning directive: "Should the controller transite into PASSIVE state ??"
                  #warning "Should the controller transite into PASSIVE state ??"
..\..\..\..\..\..\..\mac\psp.c(132): warning:  #177-D: function "_check_clique" was declared but never referenced
  static inline uint32_t _check_clique(void)
..\..\..\..\..\..\..\mac\psp.c: 5 warnings, 0 errors
linking...
Program Size: Code=29708 RO-data=18944 RW-data=1596 ZI-data=19632  
FromELF: creating hex file...
".\Objects\TTPC_Project.axf" - 0 Error(s), 5 Warning(s).

<h2>Collection of Component include folders:</h2>
  E:\zfas_project\material\TTPC_project\bsp\arm\cortex-m4\platforms\stm32f407zgt6\project\RVMDK\RTE
  D:\Keil_v5\ARM\PACK\Keil\STM32F4xx_DFP\1.0.8\Device\Include

<h2>Collection of Component Files used:</h2>
</pre>
</body>
</html>
