<html>
<body>
<pre>
<h1>µVision Build Log</h1>
<h2>Tool Versions:</h2>
IDE-Version: µVision V5.14.0.0
Copyright (C) 2015 ARM Ltd and ARM Germany GmbH. All rights reserved.
License Information: Yan beyer, SigCraft, LIC=9WSAR-KWK4Q-7RCX3-AK9B0-VZYPV-JTW1M
 
Tool Versions:
Toolchain:       MDK-ARM Standard  Version: 5.14.0.0
Toolchain Path:  D:\Keil_v5\ARM\ARMCC\Bin
C Compiler:      Armcc.exe V5.05 update 1 (build 106)
Assembler:       Armasm.exe V5.05 update 1 (build 106)
Linker/Locator:  ArmLink.exe V5.05 update 1 (build 106)
Library Manager: ArmAr.exe V5.05 update 1 (build 106)
Hex Converter:   FromElf.exe V5.05 update 1 (build 106)
CPU DLL:         SARMCM3.DLL V5.14.0.0
Dialog DLL:      DCM.DLL V1.13.1.0
Target DLL:      STLink\ST-LINKIII-KEIL_SWO.dll V2.0.14.0_KEIL
Dialog DLL:      TCM.DLL V1.14.4.0
 
<h2>Project:</h2>
E:\zfas_project\material\TTPC_project\bsp\arm\cortex-m4\platforms\stm32f407zgt6\project\RVMDK\TTPC_Project.uvprojx
Project File Date:  12/30/2017

<h2>Output:</h2>
Build target 'STM32F407ZG_TTPC'
compiling host.c...
compiling xfer.c...
..\HARDWARE\xfer.c(50): warning:  #177-D: variable "Rx_Buff1" was declared but never referenced
      static uint8_t Rx_Buff1[ETH_RX_BUF_SIZE];
..\HARDWARE\xfer.c(52): warning:  #550-D: variable "Tx_Buff1" was set but never used
      static uint8_t Tx_Buff1[ETH_TX_BUF_SIZE];
..\HARDWARE\xfer.c(193): warning:  #177-D: function "_gpio_config" was declared but never referenced
  static inline void _gpio_config(void)
..\HARDWARE\xfer.c: 3 warnings, 0 errors
compiling medl_data.c...
linking...
Program Size: Code=28792 RO-data=18944 RW-data=1600 ZI-data=19632  
FromELF: creating hex file...
".\Objects\TTPC_Project.axf" - 0 Error(s), 3 Warning(s).

<h2>Collection of Component include folders:</h2>
  E:\zfas_project\material\TTPC_project\bsp\arm\cortex-m4\platforms\stm32f407zgt6\project\RVMDK\RTE
  D:\Keil_v5\ARM\PACK\Keil\STM32F4xx_DFP\1.0.8\Device\Include

<h2>Collection of Component Files used:</h2>
</pre>
</body>
</html>
